[    0.000000] Linux version 5.4.0-47-generic (buildd@lgw01-amd64-038) (gcc version 7.5.0 (Ubuntu 7.5.0-3ubuntu1~18.04)) #51~18.04.1-Ubuntu SMP Sat Sep 5 14:35:50 UTC 2020 (Ubuntu 5.4.0-47.51~18.04.1-generic 5.4.55)
[    0.000000] Command line: BOOT_IMAGE=/boot/vmlinuz-5.4.0-47-generic root=UUID=8878d76e-9624-4936-87be-9cd10fc8a1bc ro quiet splash
[    0.000000] KERNEL supported cpus:
[    0.000000]   Intel GenuineIntel
[    0.000000]   AMD AuthenticAMD
[    0.000000]   Hygon HygonGenuine
[    0.000000]   Centaur CentaurHauls
[    0.000000]   zhaoxin   Shanghai  
[    0.000000] x86/fpu: Supporting XSAVE feature 0x001: 'x87 floating point registers'
[    0.000000] x86/fpu: Supporting XSAVE feature 0x002: 'SSE registers'
[    0.000000] x86/fpu: Supporting XSAVE feature 0x004: 'AVX registers'
[    0.000000] x86/fpu: xstate_offset[2]:  576, xstate_sizes[2]:  256
[    0.000000] x86/fpu: Enabled xstate features 0x7, context size is 832 bytes, using 'standard' format.
[    0.000000] BIOS-provided physical RAM map:
[    0.000000] BIOS-e820: [mem 0x0000000000000000-0x000000000009fbff] usable
[    0.000000] BIOS-e820: [mem 0x000000000009fc00-0x000000000009ffff] reserved
[    0.000000] BIOS-e820: [mem 0x00000000000f0000-0x00000000000fffff] reserved
[    0.000000] BIOS-e820: [mem 0x0000000000100000-0x00000000dffeffff] usable
[    0.000000] BIOS-e820: [mem 0x00000000dfff0000-0x00000000dfffffff] ACPI data
[    0.000000] BIOS-e820: [mem 0x00000000fec00000-0x00000000fec00fff] reserved
[    0.000000] BIOS-e820: [mem 0x00000000fee00000-0x00000000fee00fff] reserved
[    0.000000] BIOS-e820: [mem 0x00000000fffc0000-0x00000000ffffffff] reserved
[    0.000000] BIOS-e820: [mem 0x0000000100000000-0x000000011fffffff] usable
[    0.000000] NX (Execute Disable) protection: active
[    0.000000] SMBIOS 2.5 present.
[    0.000000] DMI: innotek GmbH VirtualBox/VirtualBox, BIOS VirtualBox 12/01/2006
[    0.000000] Hypervisor detected: KVM
[    0.000000] kvm-clock: Using msrs 4b564d01 and 4b564d00
[    0.000000] kvm-clock: cpu 0, msr 93e01001, primary cpu clock
[    0.000000] kvm-clock: using sched offset of 3255801499 cycles
[    0.000001] clocksource: kvm-clock: mask: 0xffffffffffffffff max_cycles: 0x1cd42e4dffb, max_idle_ns: 881590591483 ns
[    0.000002] tsc: Detected 2592.006 MHz processor
[    0.002144] e820: update [mem 0x00000000-0x00000fff] usable ==> reserved
[    0.002145] e820: remove [mem 0x000a0000-0x000fffff] usable
[    0.002147] last_pfn = 0x120000 max_arch_pfn = 0x400000000
[    0.002155] MTRR default type: uncachable
[    0.002156] MTRR variable ranges disabled:
[    0.002157] Disabled
[    0.002158] x86/PAT: MTRRs disabled, skipping PAT initialization too.
[    0.002159] CPU MTRRs all blank - virtualized system.
[    0.002161] x86/PAT: Configuration [0-7]: WB  WT  UC- UC  WB  WT  UC- UC  
[    0.002164] last_pfn = 0xdfff0 max_arch_pfn = 0x400000000
[    0.002194] found SMP MP-table at [mem 0x0009fff0-0x0009ffff]
[    0.065260] check: Scanning 1 areas for low memory corruption
[    0.065777] RAMDISK: [mem 0x33223000-0x35908fff]
[    0.065787] ACPI: Early table checksum verification disabled
[    0.065789] ACPI: RSDP 0x00000000000E0000 000024 (v02 VBOX  )
[    0.065792] ACPI: XSDT 0x00000000DFFF0030 00003C (v01 VBOX   VBOXXSDT 00000001 ASL  00000061)
[    0.065795] ACPI: FACP 0x00000000DFFF00F0 0000F4 (v04 VBOX   VBOXFACP 00000001 ASL  00000061)
[    0.065798] ACPI: DSDT 0x00000000DFFF0480 002325 (v02 VBOX   VBOXBIOS 00000002 INTL 20100528)
[    0.065799] ACPI: FACS 0x00000000DFFF0200 000040
[    0.065800] ACPI: FACS 0x00000000DFFF0200 000040
[    0.065802] ACPI: APIC 0x00000000DFFF0240 00006C (v02 VBOX   VBOXAPIC 00000001 ASL  00000061)
[    0.065803] ACPI: SSDT 0x00000000DFFF02B0 0001CC (v01 VBOX   VBOXCPUT 00000002 INTL 20100528)
[    0.065808] ACPI: Local APIC address 0xfee00000
[    0.065979] No NUMA configuration found
[    0.065979] Faking a node at [mem 0x0000000000000000-0x000000011fffffff]
[    0.065984] NODE_DATA(0) allocated [mem 0x11ffd1000-0x11fffbfff]
[    0.066437] Zone ranges:
[    0.066438]   DMA      [mem 0x0000000000001000-0x0000000000ffffff]
[    0.066439]   DMA32    [mem 0x0000000001000000-0x00000000ffffffff]
[    0.066439]   Normal   [mem 0x0000000100000000-0x000000011fffffff]
[    0.066440]   Device   empty
[    0.066440] Movable zone start for each node
[    0.066442] Early memory node ranges
[    0.066443]   node   0: [mem 0x0000000000001000-0x000000000009efff]
[    0.066443]   node   0: [mem 0x0000000000100000-0x00000000dffeffff]
[    0.066444]   node   0: [mem 0x0000000100000000-0x000000011fffffff]
[    0.067081] Zeroed struct page in unavailable ranges: 114 pages
[    0.067082] Initmem setup node 0 [mem 0x0000000000001000-0x000000011fffffff]
[    0.067083] On node 0 totalpages: 1048462
[    0.067083]   DMA zone: 64 pages used for memmap
[    0.067084]   DMA zone: 21 pages reserved
[    0.067084]   DMA zone: 3998 pages, LIFO batch:0
[    0.067107]   DMA32 zone: 14272 pages used for memmap
[    0.067107]   DMA32 zone: 913392 pages, LIFO batch:63
[    0.080716]   Normal zone: 2048 pages used for memmap
[    0.080718]   Normal zone: 131072 pages, LIFO batch:31
[    0.082954] ACPI: PM-Timer IO Port: 0x4008
[    0.082956] ACPI: Local APIC address 0xfee00000
[    0.082998] IOAPIC[0]: apic_id 4, version 32, address 0xfec00000, GSI 0-23
[    0.083000] ACPI: INT_SRC_OVR (bus 0 bus_irq 0 global_irq 2 dfl dfl)
[    0.083001] ACPI: INT_SRC_OVR (bus 0 bus_irq 9 global_irq 9 low level)
[    0.083002] ACPI: IRQ0 used by override.
[    0.083002] ACPI: IRQ9 used by override.
[    0.083003] Using ACPI (MADT) for SMP configuration information
[    0.083008] smpboot: Allowing 4 CPUs, 0 hotplug CPUs
[    0.083023] PM: Registered nosave memory: [mem 0x00000000-0x00000fff]
[    0.083024] PM: Registered nosave memory: [mem 0x0009f000-0x0009ffff]
[    0.083024] PM: Registered nosave memory: [mem 0x000a0000-0x000effff]
[    0.083024] PM: Registered nosave memory: [mem 0x000f0000-0x000fffff]
[    0.083025] PM: Registered nosave memory: [mem 0xdfff0000-0xdfffffff]
[    0.083025] PM: Registered nosave memory: [mem 0xe0000000-0xfebfffff]
[    0.083025] PM: Registered nosave memory: [mem 0xfec00000-0xfec00fff]
[    0.083026] PM: Registered nosave memory: [mem 0xfec01000-0xfedfffff]
[    0.083026] PM: Registered nosave memory: [mem 0xfee00000-0xfee00fff]
[    0.083026] PM: Registered nosave memory: [mem 0xfee01000-0xfffbffff]
[    0.083027] PM: Registered nosave memory: [mem 0xfffc0000-0xffffffff]
[    0.083028] [mem 0xe0000000-0xfebfffff] available for PCI devices
[    0.083028] Booting paravirtualized kernel on KVM
[    0.083030] clocksource: refined-jiffies: mask: 0xffffffff max_cycles: 0xffffffff, max_idle_ns: 7645519600211568 ns
[    0.083033] setup_percpu: NR_CPUS:8192 nr_cpumask_bits:4 nr_cpu_ids:4 nr_node_ids:1
[    0.083477] percpu: Embedded 54 pages/cpu s184320 r8192 d28672 u524288
[    0.083480] pcpu-alloc: s184320 r8192 d28672 u524288 alloc=1*2097152
[    0.083481] pcpu-alloc: [0] 0 1 2 3 
[    0.083497] PV qspinlock hash table entries: 256 (order: 0, 4096 bytes, linear)
[    0.083500] Built 1 zonelists, mobility grouping on.  Total pages: 1032057
[    0.083501] Policy zone: Normal
[    0.083502] Kernel command line: BOOT_IMAGE=/boot/vmlinuz-5.4.0-47-generic root=UUID=8878d76e-9624-4936-87be-9cd10fc8a1bc ro quiet splash
[    0.084253] Dentry cache hash table entries: 524288 (order: 10, 4194304 bytes, linear)
[    0.084610] Inode-cache hash table entries: 262144 (order: 9, 2097152 bytes, linear)
[    0.084643] mem auto-init: stack:off, heap alloc:on, heap free:off
[    0.091304] Calgary: detecting Calgary via BIOS EBDA area
[    0.091306] Calgary: Unable to locate Rio Grande table in EBDA - bailing!
[    0.097338] Memory: 3982404K/4193848K available (14339K kernel code, 2379K rwdata, 4928K rodata, 2704K init, 5020K bss, 211444K reserved, 0K cma-reserved)
[    0.097342] random: get_random_u64 called from __kmem_cache_create+0x41/0x550 with crng_init=0
[    0.097785] SLUB: HWalign=64, Order=0-3, MinObjects=0, CPUs=4, Nodes=1
[    0.097792] Kernel/User page tables isolation: enabled
[    0.097800] ftrace: allocating 44208 entries in 173 pages
[    0.108852] rcu: Hierarchical RCU implementation.
[    0.108853] rcu: 	RCU restricting CPUs from NR_CPUS=8192 to nr_cpu_ids=4.
[    0.108853] 	Tasks RCU enabled.
[    0.108854] rcu: RCU calculated value of scheduler-enlistment delay is 25 jiffies.
[    0.108854] rcu: Adjusting geometry for rcu_fanout_leaf=16, nr_cpu_ids=4
[    0.110536] NR_IRQS: 524544, nr_irqs: 456, preallocated irqs: 16
[    0.110846] random: crng done (trusting CPU's manufacturer)
[    0.117439] Console: colour VGA+ 80x25
[    0.117441] printk: console [tty0] enabled
[    0.117451] ACPI: Core revision 20190816
[    0.117517] APIC: Switch to symmetric I/O mode setup
[    0.117692] x2apic enabled
[    0.117857] Switched APIC routing to physical x2apic.
[    0.118656] ..TIMER: vector=0x30 apic1=0 pin1=2 apic2=-1 pin2=-1
[    0.118672] clocksource: tsc-early: mask: 0xffffffffffffffff max_cycles: 0x255cbc978bf, max_idle_ns: 440795251759 ns
[    0.118675] Calibrating delay loop (skipped) preset value.. 5184.01 BogoMIPS (lpj=10368024)
[    0.118676] pid_max: default: 32768 minimum: 301
[    0.118694] LSM: Security Framework initializing
[    0.118700] Yama: becoming mindful.
[    0.118714] AppArmor: AppArmor initialized
[    0.118735] Mount-cache hash table entries: 8192 (order: 4, 65536 bytes, linear)
[    0.118739] Mountpoint-cache hash table entries: 8192 (order: 4, 65536 bytes, linear)
[    0.118747] *** VALIDATE tmpfs ***
[    0.118826] *** VALIDATE proc ***
[    0.118854] *** VALIDATE cgroup1 ***
[    0.118854] *** VALIDATE cgroup2 ***
[    0.118950] Last level iTLB entries: 4KB 64, 2MB 8, 4MB 8
[    0.118950] Last level dTLB entries: 4KB 64, 2MB 0, 4MB 0, 1GB 4
[    0.118952] Spectre V1 : Mitigation: usercopy/swapgs barriers and __user pointer sanitization
[    0.118953] Spectre V2 : Mitigation: Full generic retpoline
[    0.118953] Spectre V2 : Spectre v2 / SpectreRSB mitigation: Filling RSB on context switch
[    0.118953] Speculative Store Bypass: Vulnerable
[    0.118955] SRBDS: Unknown: Dependent on hypervisor status
[    0.118956] MDS: Mitigation: Clear CPU buffers
[    0.119053] Freeing SMP alternatives memory: 40K
[    0.229398] smpboot: CPU0: Intel(R) Core(TM) i7-9750H CPU @ 2.60GHz (family: 0x6, model: 0x9e, stepping: 0xa)
[    0.229842] Performance Events: unsupported p6 CPU model 158 no PMU driver, software events only.
[    0.229861] rcu: Hierarchical SRCU implementation.
[    0.230296] NMI watchdog: Perf NMI watchdog permanently disabled
[    0.230326] smp: Bringing up secondary CPUs ...
[    0.230377] x86: Booting SMP configuration:
[    0.230378] .... node  #0, CPUs:      #1
[    0.011859] kvm-clock: cpu 1, msr 93e01041, secondary cpu clock
[    0.230673]  #2
[    0.011859] kvm-clock: cpu 2, msr 93e01081, secondary cpu clock
[    0.230727]  #3
[    0.011859] kvm-clock: cpu 3, msr 93e010c1, secondary cpu clock
[    0.234726] smp: Brought up 1 node, 4 CPUs
[    0.234727] smpboot: Max logical packages: 1
[    0.234728] smpboot: Total of 4 processors activated (20736.04 BogoMIPS)
[    0.234957] devtmpfs: initialized
[    0.234957] x86/mm: Memory block size: 128MB
[    0.235048] clocksource: jiffies: mask: 0xffffffff max_cycles: 0xffffffff, max_idle_ns: 7645041785100000 ns
[    0.235048] futex hash table entries: 1024 (order: 4, 65536 bytes, linear)
[    0.235048] pinctrl core: initialized pinctrl subsystem
[    0.235048] PM: RTC time: 14:13:41, date: 2020-09-15
[    0.235098] NET: Registered protocol family 16
[    0.235156] audit: initializing netlink subsys (disabled)
[    0.235169] audit: type=2000 audit(1600179226.650:1): state=initialized audit_enabled=0 res=1
[    0.235169] EISA bus registered
[    0.235169] cpuidle: using governor ladder
[    0.235169] cpuidle: using governor menu
[    0.235169] ACPI: bus type PCI registered
[    0.235169] acpiphp: ACPI Hot Plug PCI Controller Driver version: 0.5
[    0.235169] PCI: Using configuration type 1 for base access
[    0.238685] HugeTLB registered 2.00 MiB page size, pre-allocated 0 pages
[    0.242911] ACPI: Added _OSI(Module Device)
[    0.242913] ACPI: Added _OSI(Processor Device)
[    0.242915] ACPI: Added _OSI(3.0 _SCP Extensions)
[    0.242917] ACPI: Added _OSI(Processor Aggregator Device)
[    0.242919] ACPI: Added _OSI(Linux-Dell-Video)
[    0.242921] ACPI: Added _OSI(Linux-Lenovo-NV-HDMI-Audio)
[    0.242923] ACPI: Added _OSI(Linux-HPI-Hybrid-Graphics)
[    0.243117] ACPI: 2 ACPI AML tables successfully acquired and loaded
[    0.244235] ACPI: Interpreter enabled
[    0.244241] ACPI: (supports S0 S5)
[    0.244242] ACPI: Using IOAPIC for interrupt routing
[    0.244390] PCI: Using host bridge windows from ACPI; if necessary, use "pci=nocrs" and report a bug
[    0.244472] ACPI: Enabled 2 GPEs in block 00 to 07
[    0.250678] ACPI: PCI Root Bridge [PCI0] (domain 0000 [bus 00-ff])
[    0.250678] acpi PNP0A03:00: _OSC: OS supports [ASPM ClockPM Segments MSI HPX-Type3]
[    0.250678] acpi PNP0A03:00: _OSC: not requesting OS control; OS requires [ExtendedConfig ASPM ClockPM MSI]
[    0.250678] acpi PNP0A03:00: fail to add MMCONFIG information, can't access extended PCI configuration space under this bridge.
[    0.250678] PCI host bridge to bus 0000:00
[    0.250678] pci_bus 0000:00: root bus resource [io  0x0000-0x0cf7 window]
[    0.250678] pci_bus 0000:00: root bus resource [io  0x0d00-0xffff window]
[    0.250678] pci_bus 0000:00: root bus resource [mem 0x000a0000-0x000bffff window]
[    0.250678] pci_bus 0000:00: root bus resource [mem 0xe0000000-0xfdffffff window]
[    0.250678] pci_bus 0000:00: root bus resource [bus 00-ff]
[    0.250678] pci 0000:00:00.0: [8086:1237] type 00 class 0x060000
[    0.250678] pci 0000:00:01.0: [8086:7000] type 00 class 0x060100
[    0.250678] pci 0000:00:01.1: [8086:7111] type 00 class 0x01018a
[    0.250678] pci 0000:00:01.1: reg 0x20: [io  0xd000-0xd00f]
[    0.250678] pci 0000:00:01.1: legacy IDE quirk: reg 0x10: [io  0x01f0-0x01f7]
[    0.250678] pci 0000:00:01.1: legacy IDE quirk: reg 0x14: [io  0x03f6]
[    0.250678] pci 0000:00:01.1: legacy IDE quirk: reg 0x18: [io  0x0170-0x0177]
[    0.250678] pci 0000:00:01.1: legacy IDE quirk: reg 0x1c: [io  0x0376]
[    0.250695] pci 0000:00:02.0: [15ad:0405] type 00 class 0x030000
[    0.254677] pci 0000:00:02.0: reg 0x10: [io  0xd010-0xd01f]
[    0.254677] pci 0000:00:02.0: reg 0x14: [mem 0xe0000000-0xe0ffffff pref]
[    0.254679] pci 0000:00:02.0: reg 0x18: [mem 0xf0000000-0xf01fffff]
[    0.263197] pci 0000:00:03.0: [8086:100e] type 00 class 0x020000
[    0.264644] pci 0000:00:03.0: reg 0x10: [mem 0xf0200000-0xf021ffff]
[    0.266725] pci 0000:00:03.0: reg 0x18: [io  0xd020-0xd027]
[    0.272550] pci 0000:00:04.0: [80ee:cafe] type 00 class 0x088000
[    0.273688] pci 0000:00:04.0: reg 0x10: [io  0xd040-0xd05f]
[    0.274728] pci 0000:00:04.0: reg 0x14: [mem 0xf0400000-0xf07fffff]
[    0.275847] pci 0000:00:04.0: reg 0x18: [mem 0xf0800000-0xf0803fff pref]
[    0.280146] pci 0000:00:05.0: [8086:2415] type 00 class 0x040100
[    0.280241] pci 0000:00:05.0: reg 0x10: [io  0xd100-0xd1ff]
[    0.280309] pci 0000:00:05.0: reg 0x14: [io  0xd200-0xd23f]
[    0.280933] pci 0000:00:06.0: [106b:003f] type 00 class 0x0c0310
[    0.282725] pci 0000:00:06.0: reg 0x10: [mem 0xf0804000-0xf0804fff]
[    0.289232] pci 0000:00:07.0: [8086:7113] type 00 class 0x068000
[    0.289610] pci 0000:00:07.0: quirk: [io  0x4000-0x403f] claimed by PIIX4 ACPI
[    0.289617] pci 0000:00:07.0: quirk: [io  0x4100-0x410f] claimed by PIIX4 SMB
[    0.291489] pci 0000:00:0d.0: [8086:2829] type 00 class 0x010601
[    0.292598] pci 0000:00:0d.0: reg 0x10: [io  0xd240-0xd247]
[    0.293698] pci 0000:00:0d.0: reg 0x14: [io  0xd248-0xd24b]
[    0.294725] pci 0000:00:0d.0: reg 0x18: [io  0xd250-0xd257]
[    0.295748] pci 0000:00:0d.0: reg 0x1c: [io  0xd258-0xd25b]
[    0.296820] pci 0000:00:0d.0: reg 0x20: [io  0xd260-0xd26f]
[    0.297907] pci 0000:00:0d.0: reg 0x24: [mem 0xf0806000-0xf0807fff]
[    0.304041] ACPI: PCI Interrupt Link [LNKA] (IRQs 5 9 10 *11)
[    0.304256] ACPI: PCI Interrupt Link [LNKB] (IRQs 5 9 *10 11)
[    0.304333] ACPI: PCI Interrupt Link [LNKC] (IRQs 5 *9 10 11)
[    0.304409] ACPI: PCI Interrupt Link [LNKD] (IRQs 5 9 10 *11)
[    0.306753] iommu: Default domain type: Translated 
[    0.306805] SCSI subsystem initialized
[    0.306830] libata version 3.00 loaded.
[    0.306830] pci 0000:00:02.0: vgaarb: setting as boot VGA device
[    0.306830] pci 0000:00:02.0: vgaarb: VGA device added: decodes=io+mem,owns=io+mem,locks=none
[    0.306830] pci 0000:00:02.0: vgaarb: bridge control possible
[    0.306830] vgaarb: loaded
[    0.306830] ACPI: bus type USB registered
[    0.306830] usbcore: registered new interface driver usbfs
[    0.306830] usbcore: registered new interface driver hub
[    0.306830] usbcore: registered new device driver usb
[    0.306830] pps_core: LinuxPPS API ver. 1 registered
[    0.306830] pps_core: Software ver. 5.3.6 - Copyright 2005-2007 Rodolfo Giometti <giometti@linux.it>
[    0.306830] PTP clock support registered
[    0.306830] EDAC MC: Ver: 3.0.0
[    0.306851] PCI: Using ACPI for IRQ routing
[    0.306851] PCI: pci_cache_line_size set to 64 bytes
[    0.306851] e820: reserve RAM buffer [mem 0x0009fc00-0x0009ffff]
[    0.306851] e820: reserve RAM buffer [mem 0xdfff0000-0xdfffffff]
[    0.306889] NetLabel: Initializing
[    0.306889] NetLabel:  domain hash size = 128
[    0.306890] NetLabel:  protocols = UNLABELED CIPSOv4 CALIPSO
[    0.306900] NetLabel:  unlabeled traffic allowed by default
[    0.307540] clocksource: Switched to clocksource kvm-clock
[    0.315692] *** VALIDATE bpf ***
[    0.315739] VFS: Disk quotas dquot_6.6.0
[    0.315750] VFS: Dquot-cache hash table entries: 512 (order 0, 4096 bytes)
[    0.315764] *** VALIDATE ramfs ***
[    0.315766] *** VALIDATE hugetlbfs ***
[    0.315816] AppArmor: AppArmor Filesystem Enabled
[    0.315832] pnp: PnP ACPI init
[    0.315880] pnp 00:00: Plug and Play ACPI device, IDs PNP0303 (active)
[    0.315930] pnp 00:01: Plug and Play ACPI device, IDs PNP0f03 (active)
[    0.316466] pnp: PnP ACPI: found 2 devices
[    0.320509] thermal_sys: Registered thermal governor 'fair_share'
[    0.320509] thermal_sys: Registered thermal governor 'bang_bang'
[    0.320510] thermal_sys: Registered thermal governor 'step_wise'
[    0.320510] thermal_sys: Registered thermal governor 'user_space'
[    0.320511] thermal_sys: Registered thermal governor 'power_allocator'
[    0.325011] clocksource: acpi_pm: mask: 0xffffff max_cycles: 0xffffff, max_idle_ns: 2085701024 ns
[    0.325034] pci_bus 0000:00: resource 4 [io  0x0000-0x0cf7 window]
[    0.325035] pci_bus 0000:00: resource 5 [io  0x0d00-0xffff window]
[    0.325036] pci_bus 0000:00: resource 6 [mem 0x000a0000-0x000bffff window]
[    0.325037] pci_bus 0000:00: resource 7 [mem 0xe0000000-0xfdffffff window]
[    0.325070] NET: Registered protocol family 2
[    0.325156] tcp_listen_portaddr_hash hash table entries: 2048 (order: 3, 32768 bytes, linear)
[    0.325170] TCP established hash table entries: 32768 (order: 6, 262144 bytes, linear)
[    0.325210] TCP bind hash table entries: 32768 (order: 7, 524288 bytes, linear)
[    0.325231] TCP: Hash tables configured (established 32768 bind 32768)
[    0.325602] UDP hash table entries: 2048 (order: 4, 65536 bytes, linear)
[    0.325609] UDP-Lite hash table entries: 2048 (order: 4, 65536 bytes, linear)
[    0.325648] NET: Registered protocol family 1
[    0.325651] NET: Registered protocol family 44
[    0.325665] pci 0000:00:00.0: Limiting direct PCI/PCI transfers
[    0.325674] pci 0000:00:01.0: Activating ISA DMA hang workarounds
[    0.325711] pci 0000:00:02.0: Video device with shadowed ROM at [mem 0x000c0000-0x000dffff]
[    0.326810] PCI: CLS 0 bytes, default 64
[    0.326836] Trying to unpack rootfs image as initramfs...
[    0.678614] Freeing initrd memory: 39832K
[    0.678626] PCI-DMA: Using software bounce buffering for IO (SWIOTLB)
[    0.678627] software IO TLB: mapped [mem 0xdbff0000-0xdfff0000] (64MB)
[    0.678656] clocksource: tsc: mask: 0xffffffffffffffff max_cycles: 0x255cbc978bf, max_idle_ns: 440795251759 ns
[    0.678763] clocksource: Switched to clocksource tsc
[    0.678788] platform rtc_cmos: registered platform RTC device (no PNP device found)
[    0.678817] check: Scanning for low memory corruption every 60 seconds
[    0.679234] Initialise system trusted keyrings
[    0.679240] Key type blacklist registered
[    0.679456] workingset: timestamp_bits=36 max_order=20 bucket_order=0
[    0.680232] zbud: loaded
[    0.680455] squashfs: version 4.0 (2009/01/31) Phillip Lougher
[    0.680729] fuse: init (API version 7.31)
[    0.680739] *** VALIDATE fuse ***
[    0.680740] *** VALIDATE fuse ***
[    0.680861] Platform Keyring initialized
[    0.682871] Key type asymmetric registered
[    0.682872] Asymmetric key parser 'x509' registered
[    0.682877] Block layer SCSI generic (bsg) driver version 0.4 loaded (major 244)
[    0.683005] io scheduler mq-deadline registered
[    0.683586] shpchp: Standard Hot Plug PCI Controller Driver version: 0.4
[    0.683613] intel_idle: Please enable MWAIT in BIOS SETUP
[    0.683705] ACPI: AC Adapter [AC] (on-line)
[    0.683732] input: Power Button as /devices/LNXSYSTM:00/LNXPWRBN:00/input/input0
[    0.683750] ACPI: Power Button [PWRF]
[    0.683792] input: Sleep Button as /devices/LNXSYSTM:00/LNXSLPBN:00/input/input1
[    0.683801] ACPI: Sleep Button [SLPF]
[    0.684146] Serial: 8250/16550 driver, 32 ports, IRQ sharing enabled
[    0.684615] battery: ACPI: Battery Slot [BAT0] (battery present)
[    0.686155] Linux agpgart interface v0.103
[    0.687919] loop: module loaded
[    0.688009] ata_piix 0000:00:01.1: version 2.13
[    0.688383] scsi host0: ata_piix
[    0.688601] scsi host1: ata_piix
[    0.688619] ata1: PATA max UDMA/33 cmd 0x1f0 ctl 0x3f6 bmdma 0xd000 irq 14
[    0.688620] ata2: PATA max UDMA/33 cmd 0x170 ctl 0x376 bmdma 0xd008 irq 15
[    0.688677] libphy: Fixed MDIO Bus: probed
[    0.688677] tun: Universal TUN/TAP device driver, 1.6
[    0.688767] PPP generic driver version 2.4.2
[    0.688834] VFIO - User Level meta-driver version: 0.3
[    0.688947] ehci_hcd: USB 2.0 'Enhanced' Host Controller (EHCI) Driver
[    0.688949] ehci-pci: EHCI PCI platform driver
[    0.688954] ehci-platform: EHCI generic platform driver
[    0.688958] ohci_hcd: USB 1.1 'Open' Host Controller (OHCI) Driver
[    0.688958] ohci-pci: OHCI PCI platform driver
[    0.689486] ohci-pci 0000:00:06.0: OHCI PCI host controller
[    0.689491] ohci-pci 0000:00:06.0: new USB bus registered, assigned bus number 1
[    0.689532] ohci-pci 0000:00:06.0: irq 22, io mem 0xf0804000
[    0.784376] usb usb1: New USB device found, idVendor=1d6b, idProduct=0001, bcdDevice= 5.04
[    0.784381] usb usb1: New USB device strings: Mfr=3, Product=2, SerialNumber=1
[    0.784384] usb usb1: Product: OHCI PCI host controller
[    0.784387] usb usb1: Manufacturer: Linux 5.4.0-47-generic ohci_hcd
[    0.784390] usb usb1: SerialNumber: 0000:00:06.0
[    0.784918] hub 1-0:1.0: USB hub found
[    0.784963] hub 1-0:1.0: 12 ports detected
[    0.785942] ohci-platform: OHCI generic platform driver
[    0.785965] uhci_hcd: USB Universal Host Controller Interface driver
[    0.786080] i8042: PNP: PS/2 Controller [PNP0303:PS2K,PNP0f03:PS2M] at 0x60,0x64 irq 1,12
[    0.787438] serio: i8042 KBD port at 0x60,0x64 irq 1
[    0.787451] serio: i8042 AUX port at 0x60,0x64 irq 12
[    0.788294] mousedev: PS/2 mouse device common for all mice
[    0.790698] input: AT Translated Set 2 keyboard as /devices/platform/i8042/serio0/input/input2
[    0.790838] rtc_cmos rtc_cmos: registered as rtc0
[    0.790938] rtc_cmos rtc_cmos: alarms up to one day, 114 bytes nvram
[    0.791058] i2c /dev entries driver
[    0.791337] device-mapper: uevent: version 1.0.3
[    0.791727] device-mapper: ioctl: 4.41.0-ioctl (2019-09-16) initialised: dm-devel@redhat.com
[    0.791787] platform eisa.0: Probing EISA bus 0
[    0.791791] platform eisa.0: EISA: Cannot allocate resource for mainboard
[    0.791794] platform eisa.0: Cannot allocate resource for EISA slot 1
[    0.791797] platform eisa.0: Cannot allocate resource for EISA slot 2
[    0.791799] platform eisa.0: Cannot allocate resource for EISA slot 3
[    0.791802] platform eisa.0: Cannot allocate resource for EISA slot 4
[    0.791804] platform eisa.0: Cannot allocate resource for EISA slot 5
[    0.791807] platform eisa.0: Cannot allocate resource for EISA slot 6
[    0.791810] platform eisa.0: Cannot allocate resource for EISA slot 7
[    0.791812] platform eisa.0: Cannot allocate resource for EISA slot 8
[    0.791815] platform eisa.0: EISA: Detected 0 cards
[    0.791820] intel_pstate: CPU model not supported
[    0.792635] ledtrig-cpu: registered to indicate activity on CPUs
[    0.792881] intel_pmc_core intel_pmc_core.0:  initialized
[    0.792972] drop_monitor: Initializing network drop monitor service
[    0.793400] NET: Registered protocol family 10
[    0.806806] Segment Routing with IPv6
[    0.806862] NET: Registered protocol family 17
[    0.807281] Key type dns_resolver registered
[    0.808683] RAS: Correctable Errors collector initialized.
[    0.808692] IPI shorthand broadcast: enabled
[    0.808703] sched_clock: Marking stable (800735872, 7859237)->(813071064, -4475955)
[    0.809427] registered taskstats version 1
[    0.809452] Loading compiled-in X.509 certificates
[    0.811811] Loaded X.509 cert 'Build time autogenerated kernel key: 2093e6a74e1dee62be74066ace6b1cd781ddeedf'
[    0.811873] zswap: loaded using pool lzo/zbud
[    0.812486] Key type ._fscrypt registered
[    0.812489] Key type .fscrypt registered
[    0.826256] Key type big_key registered
[    0.832410] Key type encrypted registered
[    0.832417] AppArmor: AppArmor sha1 policy hashing enabled
[    0.832428] ima: No TPM chip found, activating TPM-bypass!
[    0.832442] ima: Allocated hash algorithm: sha1
[    0.832452] ima: No architecture policies found
[    0.832469] evm: Initialising EVM extended attributes:
[    0.832471] evm: security.selinux
[    0.832472] evm: security.SMACK64
[    0.832474] evm: security.SMACK64EXEC
[    0.832475] evm: security.SMACK64TRANSMUTE
[    0.832476] evm: security.SMACK64MMAP
[    0.832477] evm: security.apparmor
[    0.832479] evm: security.ima
[    0.832480] evm: security.capability
[    0.832482] evm: HMAC attrs: 0x1
[    0.833192] PM:   Magic number: 4:797:232
[    0.833524] rtc_cmos rtc_cmos: setting system clock to 2020-09-15T14:13:42 UTC (1600179222)
[    0.852600] ata2.00: ATAPI: VBOX CD-ROM, 1.0, max UDMA/133
[    0.853084] ata1.00: ATAPI: VBOX CD-ROM, 1.0, max UDMA/133
[    0.855638] scsi 0:0:0:0: CD-ROM            VBOX     CD-ROM           1.0  PQ: 0 ANSI: 5
[    1.160908] sr 0:0:0:0: [sr0] scsi3-mmc drive: 32x/32x xa/form2 tray
[    1.160913] cdrom: Uniform CD-ROM driver Revision: 3.20
[    1.161748] sr 0:0:0:0: Attached scsi CD-ROM sr0
[    1.162382] sr 0:0:0:0: Attached scsi generic sg0 type 5
[    1.163713] scsi 1:0:0:0: CD-ROM            VBOX     CD-ROM           1.0  PQ: 0 ANSI: 5
[    1.165642] sr 1:0:0:0: [sr1] scsi3-mmc drive: 32x/32x xa/form2 tray
[    1.166389] sr 1:0:0:0: Attached scsi CD-ROM sr1
[    1.166899] sr 1:0:0:0: Attached scsi generic sg1 type 5
[    1.171315] Freeing unused decrypted memory: 2040K
[    1.171824] Freeing unused kernel image memory: 2704K
[    1.229413] Write protecting the kernel read-only data: 22528k
[    1.230425] Freeing unused kernel image memory: 2008K
[    1.230962] Freeing unused kernel image memory: 1216K
[    1.246218] x86/mm: Checked W+X mappings: passed, no W+X pages found.
[    1.246220] x86/mm: Checking user space page tables
[    1.253429] x86/mm: Checked W+X mappings: passed, no W+X pages found.
[    1.253430] Run /init as init process
[    1.292171] ACPI: Video Device [GFX0] (multi-head: yes  rom: no  post: no)
[    1.292221] input: Video Bus as /devices/LNXSYSTM:00/LNXSYBUS:00/PNP0A03:00/LNXVIDEO:00/input/input4
[    1.296706] ahci 0000:00:0d.0: version 3.0
[    1.298349] e1000: Intel(R) PRO/1000 Network Driver - version 7.3.21-k8-NAPI
[    1.298349] e1000: Copyright (c) 1999-2006 Intel Corporation.
[    1.299004] piix4_smbus 0000:00:07.0: SMBus Host Controller at 0x4100, revision 0
[    1.299844] ahci 0000:00:0d.0: SSS flag set, parallel bus scan disabled
[    1.299936] ahci 0000:00:0d.0: AHCI 0001.0100 32 slots 1 ports 3 Gbps 0x1 impl SATA mode
[    1.299937] ahci 0000:00:0d.0: flags: 64bit ncq stag only ccc 
[    1.300176] scsi host2: ahci
[    1.300221] ata3: SATA max UDMA/133 abar m8192@0xf0806000 port 0xf0806100 irq 21
[    1.502490] usb 1-1: new full-speed USB device number 2 using ohci-pci
[    1.522066] input: ImExPS/2 Generic Explorer Mouse as /devices/platform/i8042/serio1/input/input5
[    1.615654] ata3: SATA link up 3.0 Gbps (SStatus 123 SControl 300)
[    1.615824] ata3.00: ATA-6: VBOX HARDDISK, 1.0, max UDMA/133
[    1.615825] ata3.00: 104857600 sectors, multi 128: LBA48 NCQ (depth 32)
[    1.616142] ata3.00: configured for UDMA/133
[    1.616209] scsi 2:0:0:0: Direct-Access     ATA      VBOX HARDDISK    1.0  PQ: 0 ANSI: 5
[    1.616304] scsi 2:0:0:0: Attached scsi generic sg2 type 0
[    1.616370] sd 2:0:0:0: [sda] 104857600 512-byte logical blocks: (53.7 GB/50.0 GiB)
[    1.616375] sd 2:0:0:0: [sda] Write Protect is off
[    1.616376] sd 2:0:0:0: [sda] Mode Sense: 00 3a 00 00
[    1.616382] sd 2:0:0:0: [sda] Write cache: enabled, read cache: enabled, doesn't support DPO or FUA
[    1.649919]  sda: sda1
[    1.650227] sd 2:0:0:0: [sda] Attached SCSI disk
[    1.665849] e1000 0000:00:03.0 eth0: (PCI:33MHz:32-bit) 08:00:27:0c:f7:af
[    1.665852] e1000 0000:00:03.0 eth0: Intel(R) PRO/1000 Network Connection
[    1.666998] e1000 0000:00:03.0 enp0s3: renamed from eth0
[    2.322012] usb 1-1: New USB device found, idVendor=80ee, idProduct=0021, bcdDevice= 1.00
[    2.322015] usb 1-1: New USB device strings: Mfr=1, Product=3, SerialNumber=0
[    2.322017] usb 1-1: Product: USB Tablet
[    2.322018] usb 1-1: Manufacturer: VirtualBox
[    2.334936] hidraw: raw HID events driver (C) Jiri Kosina
[    2.350213] usbcore: registered new interface driver usbhid
[    2.350213] usbhid: USB HID core driver
[    2.351959] input: VirtualBox USB Tablet as /devices/pci0000:00/0000:00:06.0/usb1/1-1/1-1:1.0/0003:80EE:0021.0001/input/input6
[    2.352358] hid-generic 0003:80EE:0021.0001: input,hidraw0: USB HID v1.10 Mouse [VirtualBox USB Tablet] on usb-0000:00:06.0-1/input0
[    2.687989] EXT4-fs (sda1): mounted filesystem with ordered data mode. Opts: (null)
[    2.783529] systemd[1]: systemd 237 running in system mode. (+PAM +AUDIT +SELINUX +IMA +APPARMOR +SMACK +SYSVINIT +UTMP +LIBCRYPTSETUP +GCRYPT +GNUTLS +ACL +XZ +LZ4 +SECCOMP +BLKID +ELFUTILS +KMOD -IDN2 +IDN -PCRE2 default-hierarchy=hybrid)
[    2.783546] systemd[1]: Detected virtualization oracle.
[    2.783549] systemd[1]: Detected architecture x86-64.
[    2.808727] systemd[1]: Set hostname to <jyjang-VB>.
[    2.896147] systemd[1]: Set up automount Arbitrary Executable File Formats File System Automount Point.
[    2.896271] systemd[1]: Created slice User and Session Slice.
[    2.896302] systemd[1]: Started Forward Password Requests to Wall Directory Watch.
[    2.896308] systemd[1]: Reached target Remote File Systems.
[    2.896312] systemd[1]: Reached target System Time Synchronized.
[    2.896400] systemd[1]: Created slice System Slice.
[    2.904233] EXT4-fs (sda1): re-mounted. Opts: errors=remount-ro
[    2.932763] systemd-journald[275]: Received request to flush runtime journal from PID 1
[    2.939775] lp: driver loaded but no devices found
[    2.942519] ppdev: user-space parallel port driver
[    2.986740] Adding 2097148k swap on /swapfile.  Priority:-2 extents:6 across:2260988k FS
[    3.062234] vboxguest: loading out-of-tree module taints kernel.
[    3.068208] audit: type=1400 audit(1600179224.732:2): apparmor="STATUS" operation="profile_load" profile="unconfined" name="libreoffice-oopslash" pid=399 comm="apparmor_parser"
[    3.069427] audit: type=1400 audit(1600179224.732:3): apparmor="STATUS" operation="profile_load" profile="unconfined" name="/usr/bin/man" pid=398 comm="apparmor_parser"
[    3.069429] audit: type=1400 audit(1600179224.732:4): apparmor="STATUS" operation="profile_load" profile="unconfined" name="man_filter" pid=398 comm="apparmor_parser"
[    3.069451] audit: type=1400 audit(1600179224.732:5): apparmor="STATUS" operation="profile_load" profile="unconfined" name="man_groff" pid=398 comm="apparmor_parser"
[    3.069837] vgdrvHeartbeatInit: Setting up heartbeat to trigger every 2000 milliseconds
[    3.069961] input: Unspecified device as /devices/pci0000:00/0000:00:04.0/input/input7
[    3.072819] audit: type=1400 audit(1600179224.736:6): apparmor="STATUS" operation="profile_load" profile="unconfined" name="libreoffice-senddoc" pid=402 comm="apparmor_parser"
[    3.074387] vboxguest: Successfully loaded version 6.1.10_Ubuntu
[    3.074408] vboxguest: misc device minor 58, IRQ 20, I/O port d040, MMIO at 00000000f0400000 (size 0x400000)
[    3.074409] vboxguest: Successfully loaded version 6.1.10_Ubuntu (interface 0x00010004)
[    3.075898] audit: type=1400 audit(1600179224.740:7): apparmor="STATUS" operation="profile_load" profile="unconfined" name="/sbin/dhclient" pid=395 comm="apparmor_parser"
[    3.075900] audit: type=1400 audit(1600179224.740:8): apparmor="STATUS" operation="profile_load" profile="unconfined" name="/usr/lib/NetworkManager/nm-dhcp-client.action" pid=395 comm="apparmor_parser"
[    3.075901] audit: type=1400 audit(1600179224.740:9): apparmor="STATUS" operation="profile_load" profile="unconfined" name="/usr/lib/NetworkManager/nm-dhcp-helper" pid=395 comm="apparmor_parser"
[    3.075903] audit: type=1400 audit(1600179224.740:10): apparmor="STATUS" operation="profile_load" profile="unconfined" name="/usr/lib/connman/scripts/dhclient-script" pid=395 comm="apparmor_parser"
[    3.138118] [drm] DMA map mode: Caching DMA mappings.
[    3.138160] [drm] Capabilities:
[    3.138160] [drm]   Cursor.
[    3.138160] [drm]   Cursor bypass 2.
[    3.138161] [drm]   Alpha cursor.
[    3.138161] [drm]   3D.
[    3.138161] [drm]   Extended Fifo.
[    3.138162] [drm]   Pitchlock.
[    3.138162] [drm]   Irq mask.
[    3.138162] [drm]   GMR.
[    3.138163] [drm]   Traces.
[    3.138163] [drm]   GMR2.
[    3.138163] [drm]   Screen Object 2.
[    3.138164] [drm] Max GMR ids is 8192
[    3.138165] [drm] Max number of GMR pages is 1048576
[    3.138165] [drm] Max dedicated hypervisor surface memory is 507904 kiB
[    3.138166] [drm] Maximum display memory size is 16384 kiB
[    3.138166] [drm] VRAM at 0xe0000000 size is 16384 kiB
[    3.138167] [drm] MMIO at 0xf0000000 size is 2048 kiB
[    3.142942] [TTM] Zone  kernel: Available graphics memory: 2015122 KiB
[    3.142943] [TTM] Initializing pool allocator
[    3.142946] [TTM] Initializing DMA pool allocator
[    3.142965] [drm] Supports vblank timestamp caching Rev 2 (21.10.2013).
[    3.142966] [drm] No driver support for vblank timestamp query.
[    3.143153] [drm] Screen Objects Display Unit initialized
[    3.143242] [drm] width 720
[    3.143250] [drm] height 400
[    3.143257] [drm] bpp 32
[    3.143394] [drm] Fifo max 0x00200000 min 0x00001000 cap 0x00000355
[    3.143401] [drm] DX: no.
[    3.143402] [drm] Atomic: yes.
[    3.143402] [drm] SM4_1: no.
[    3.143416] [drm:vmw_host_log [vmwgfx]] *ERROR* Failed to send host log message.
[    3.146364] [drm:vmw_host_log [vmwgfx]] *ERROR* Failed to send host log message.
[    3.156060] fbcon: svgadrmfb (fb0) is primary device
[    3.167619] Console: switching to colour frame buffer device 100x37
[    3.168407] RAPL PMU: API unit is 2^-32 Joules, 0 fixed counters, 10737418240 ms ovfl timer
[    3.168466] [drm] Initialized vmwgfx 2.15.0 20180704 for 0000:00:02.0 on minor 0
[    3.215791] cryptd: max_cpu_qlen set to 1000
[    3.223553] AVX2 version of gcm_enc/dec engaged.
[    3.223558] AES CTR mode by8 optimization enabled
[    5.031256] snd_intel8x0 0000:00:05.0: white list rate for 1028:0177 is 48000
[    5.491743] e1000: enp0s3 NIC Link is Up 1000 Mbps Full Duplex, Flow Control: RX
[    5.492053] IPv6: ADDRCONF(NETDEV_CHANGE): enp0s3: link becomes ready
[   23.450128] vboxvideo: module verification failed: signature and/or required key missing - tainting kernel
[   23.483386] 14:14:05.149991 main     VBoxService 6.1.14 r140239 (verbosity: 0) linux.amd64 (Sep  4 2020 09:41:34) release log
               14:14:05.149993 main     Log opened 2020-09-15T14:14:05.149987000Z
[   23.483418] 14:14:05.150056 main     OS Product: Linux
[   23.483436] 14:14:05.150078 main     OS Release: 5.4.0-47-generic
[   23.483454] 14:14:05.150096 main     OS Version: #51~18.04.1-Ubuntu SMP Sat Sep 5 14:35:50 UTC 2020
[   23.483477] 14:14:05.150114 main     Executable: /opt/VBoxGuestAdditions-6.1.14/sbin/VBoxService
               14:14:05.150115 main     Process ID: 9518
               14:14:05.150115 main     Package type: LINUX_64BITS_GENERIC
[   23.485172] 14:14:05.151805 main     6.1.14 r140239 started. Verbose level = 0
[   23.485875] 14:14:05.152499 main     vbglR3GuestCtrlDetectPeekGetCancelSupport: Supported (#1)
[   23.647297] systemd-journald[275]: File /var/log/journal/45a00c6a7f2e4beb994366e6d2caaa9b/user-1000.journal corrupted or uncleanly shut down, renaming and replacing.
[   25.998539] rfkill: input handler disabled
[   27.157293] ISO 9660 Extensions: Microsoft Joliet Level 3
[   27.159310] ISO 9660 Extensions: RRIP_1991A
